2025-11-03 23:38:33,987 - INFO -  === Запуск программы === 
2025-11-03 23:38:34,033 - INFO -  1. Данные успешно загружены: (14204, 12)
2025-11-03 23:38:34,089 - INFO -  2. Предобратока окончена
2025-11-03 23:43:18,335 - INFO -  3. Модели определены
2025-11-03 23:43:18,335 - INFO -  Обучение модели: LinearRegression
2025-11-03 23:43:18,344 - INFO -   LinearRegression → R2=0.38, RMSE=1176.05, MAE=803.24
2025-11-03 23:43:18,344 - INFO -  Обучение модели: Lasso
2025-11-03 23:43:18,350 - INFO -   Lasso → R2=0.44, RMSE=1124.44, MAE=783.44
2025-11-03 23:43:18,350 - INFO -  Обучение модели: Ridge
2025-11-03 23:43:18,354 - INFO -   Ridge → R2=0.38, RMSE=1175.88, MAE=803.17
2025-11-03 23:43:18,355 - INFO -  Обучение модели: DecisionTree
2025-11-03 23:43:18,463 - INFO -   DecisionTree → R2=0.29, RMSE=1257.41, MAE=817.25
2025-11-03 23:43:18,463 - INFO -  Обучение модели: ExtraTrees
2025-11-03 23:43:21,556 - INFO -   ExtraTrees → R2=0.69, RMSE=830.03, MAE=515.29
2025-11-03 23:43:21,556 - INFO -  Обучение модели: GradientBoosting
2025-11-03 23:43:29,993 - INFO -   GradientBoosting → R2=0.68, RMSE=845.76, MAE=516.93
2025-11-03 23:43:29,993 - INFO -  Обучение модели: CatBoost_Opt
2025-11-03 23:43:30,471 - INFO -   CatBoost_Opt → R2=0.69, RMSE=829.14, MAE=509.15
2025-11-03 23:43:30,471 - INFO -  Обучение модели: RandomForest_Opt
2025-11-03 23:43:32,272 - INFO -   RandomForest_Opt → R2=0.69, RMSE=830.55, MAE=511.07
2025-11-03 23:43:32,272 - INFO -  4. Модели обучены
2025-11-03 23:43:32,279 - INFO -  5. Результаты моделей сохранены отдельно в results.csv
