2025-10-30 01:30:55 - INFO: === ЗАГРУЗКА ДАННЫХ ===
2025-10-30 01:30:55 - INFO: Чтение файла прошло успешно
2025-10-30 01:30:55 - INFO: Размер датасета: (14204, 12)
2025-10-30 01:30:55 - INFO: Первые строки:
   Item_Identifier  Item_Weight Item_Fat_Content  Item_Visibility  ... Outlet_Size  Outlet_Location_Type        Outlet_Type  Item_Outlet_Sales
0           FDA15         9.30          Low Fat         0.016047  ...      Medium                Tier 1  Supermarket Type1          3735.1380
1           DRC01         5.92          Regular         0.019278  ...      Medium                Tier 3  Supermarket Type2           443.4228
2           FDN15        17.50          Low Fat         0.016760  ...      Medium                Tier 1  Supermarket Type1          2097.2700
3           FDX07        19.20          Regular         0.000000  ...         NaN                Tier 3      Grocery Store           732.3800
4           NCD19         8.93          Low Fat         0.000000  ...        High                Tier 3  Supermarket Type1           994.7052

[5 rows x 12 columns]
2025-10-30 01:30:55 - INFO: Пропуски: 6455

2025-10-30 01:30:55 - INFO: === ПРЕДОБРАБОТКА ===
2025-10-30 01:30:56 - INFO: Матрица корреляции
2025-10-30 01:30:56 - INFO: Train shape: (11363, 13), Test shape: (2841, 13)

2025-10-30 01:30:56 - INFO: === ОБУЧЕНИЕ МОДЕЛЕЙ ===
2025-10-30 01:30:56 - INFO: LinearRegression     | MAE=694.59 | RMSE=967.10 | R²=0.582
2025-10-30 01:30:56 - INFO: Lasso                | MAE=694.56 | RMSE=967.09 | R²=0.582
2025-10-30 01:30:56 - INFO: Ridge                | MAE=694.58 | RMSE=967.08 | R²=0.582
2025-10-30 01:30:56 - INFO: DecisionTree         | MAE=802.42 | RMSE=1220.09 | R²=0.335
2025-10-30 01:31:04 - INFO: RandomForest         | MAE=523.21 | RMSE=827.76 | R²=0.694
2025-10-30 01:31:07 - INFO: ExtraTrees           | MAE=520.88 | RMSE=819.54 | R²=0.700
2025-10-30 01:31:14 - INFO: GradientBoosting     | MAE=532.95 | RMSE=843.13 | R²=0.683
2025-10-30 01:31:15 - INFO: CatBoost             | MAE=515.98 | RMSE=814.10 | R²=0.704
2025-10-30 01:31:15 - INFO:   

2025-10-30 01:31:15 - INFO: === СРАВНЕНИЕ МОДЕЛЕЙ ===
2025-10-30 01:31:15 - INFO:               Model         MAE         RMSE        R2
7          CatBoost  515.975215   814.097543  0.704132
5        ExtraTrees  520.878133   819.544459  0.700159
4      RandomForest  523.208187   827.761589  0.694117
6  GradientBoosting  532.947536   843.128483  0.682654
2             Ridge  694.581141   967.083604  0.582484
1             Lasso  694.564174   967.085410  0.582482
0  LinearRegression  694.590747   967.104261  0.582466
3      DecisionTree  802.415446  1220.092516  0.335445
2025-10-30 01:31:15 - INFO:   

2025-10-30 01:31:15 - INFO: === ВИЗУАЛИЗАЦИЯ ===
2025-10-30 01:31:15 - INFO: Столбчатая диаграмма
2025-10-30 01:31:15 - INFO: Лучшая модель: CatBoost
2025-10-30 01:31:16 - INFO: Точечная диаграмма построена
2025-11-02 20:25:17 - INFO: === ЗАГРУЗКА ДАННЫХ ===
2025-11-02 20:25:17 - INFO: Чтение файла прошло успешно
2025-11-02 20:25:17 - INFO: Размер датасета: (14204, 12)
2025-11-02 20:25:17 - INFO: Первые строки:
   Item_Identifier  Item_Weight Item_Fat_Content  Item_Visibility  ... Outlet_Size  Outlet_Location_Type        Outlet_Type  Item_Outlet_Sales
0           FDA15         9.30          Low Fat         0.016047  ...      Medium                Tier 1  Supermarket Type1          3735.1380
1           DRC01         5.92          Regular         0.019278  ...      Medium                Tier 3  Supermarket Type2           443.4228
2           FDN15        17.50          Low Fat         0.016760  ...      Medium                Tier 1  Supermarket Type1          2097.2700
3           FDX07        19.20          Regular         0.000000  ...         NaN                Tier 3      Grocery Store           732.3800
4           NCD19         8.93          Low Fat         0.000000  ...        High                Tier 3  Supermarket Type1           994.7052

[5 rows x 12 columns]
2025-11-02 20:25:17 - INFO: Пропуски: 6455

2025-11-02 20:25:17 - INFO: === ПРЕДОБРАБОТКА ===
2025-11-02 20:25:17 - INFO: Матрица корреляции
2025-11-02 20:25:17 - INFO: Train shape: (11363, 13), Test shape: (2841, 13)

2025-11-02 20:25:17 - INFO: === ОБУЧЕНИЕ МОДЕЛЕЙ ===
2025-11-02 20:25:17 - INFO: LinearRegression     | MAE=694.59 | RMSE=967.10 | R²=0.582
2025-11-02 20:25:17 - INFO: Lasso                | MAE=694.56 | RMSE=967.09 | R²=0.582
2025-11-02 20:25:17 - INFO: Ridge                | MAE=694.58 | RMSE=967.08 | R²=0.582
2025-11-02 20:25:17 - INFO: DecisionTree         | MAE=802.42 | RMSE=1220.09 | R²=0.335
2025-11-02 20:25:26 - INFO: RandomForest         | MAE=523.21 | RMSE=827.76 | R²=0.694
2025-11-02 20:25:29 - INFO: ExtraTrees           | MAE=520.88 | RMSE=819.54 | R²=0.700
2025-11-02 20:25:36 - INFO: GradientBoosting     | MAE=532.95 | RMSE=843.13 | R²=0.683
2025-11-02 20:25:37 - INFO: CatBoost             | MAE=515.98 | RMSE=814.10 | R²=0.704
2025-11-02 20:25:37 - INFO:   

2025-11-02 20:25:37 - INFO: === СРАВНЕНИЕ МОДЕЛЕЙ ===
2025-11-02 20:25:37 - INFO:               Model         MAE         RMSE        R2
7          CatBoost  515.975215   814.097543  0.704132
5        ExtraTrees  520.878133   819.544459  0.700159
4      RandomForest  523.208187   827.761589  0.694117
6  GradientBoosting  532.947536   843.128483  0.682654
2             Ridge  694.581141   967.083604  0.582484
1             Lasso  694.564174   967.085410  0.582482
0  LinearRegression  694.590747   967.104261  0.582466
3      DecisionTree  802.415446  1220.092516  0.335445
2025-11-02 20:25:37 - INFO:   

2025-11-02 20:25:37 - INFO: === ВИЗУАЛИЗАЦИЯ ===
2025-11-02 20:25:37 - INFO: Столбчатая диаграмма
2025-11-02 20:25:37 - INFO: Лучшая модель: CatBoost
2025-11-02 20:25:37 - INFO: Точечная диаграмма построена
