2025-10-30 00:39:46 - INFO: === ЗАГРУЗКА ДАННЫХ ===
2025-10-30 00:39:46 - INFO: Чтение файла прошло успешно
2025-10-30 00:39:46 - INFO: Размер датасета: (1000, 17)
2025-10-30 00:39:46 - INFO: Первые строки:
     Invoice ID Branch       City Customer type  Gender  ...      Payment    cogs  gross margin percentage  gross income  Rating
0  750-67-8428      A     Yangon        Member  Female  ...      Ewallet  522.83                 4.761905       26.1415     9.1
1  226-31-3081      C  Naypyitaw        Normal  Female  ...         Cash   76.40                 4.761905        3.8200     9.6
2  631-41-3108      A     Yangon        Normal    Male  ...  Credit card  324.31                 4.761905       16.2155     7.4
3  123-19-1176      A     Yangon        Member    Male  ...      Ewallet  465.76                 4.761905       23.2880     8.4
4  373-73-7910      A     Yangon        Normal    Male  ...      Ewallet  604.17                 4.761905       30.2085     5.3

[5 rows x 17 columns]
2025-10-30 00:39:46 - INFO: Пропуски: 0

2025-10-30 00:39:46 - INFO: === ПРЕДОБРАБОТКА ===
2025-10-30 00:39:46 - INFO: Матрица корреляции
2025-10-30 00:39:46 - INFO: Train shape: (800, 16), Test shape: (200, 16)

2025-10-30 00:39:46 - INFO: === ОБУЧЕНИЕ МОДЕЛЕЙ ===
2025-10-30 00:39:46 - INFO: LinearRegression     | MAE=86.87 | RMSE=110.09 | R²=0.814
2025-10-30 00:39:46 - INFO: Lasso                | MAE=86.84 | RMSE=110.02 | R²=0.814
2025-10-30 00:39:46 - INFO: Ridge                | MAE=86.88 | RMSE=110.10 | R²=0.814
2025-10-30 00:39:46 - INFO: DecisionTree         | MAE=1.80 | RMSE=2.93 | R²=1.000
2025-10-30 00:39:47 - INFO: RandomForest         | MAE=0.89 | RMSE=1.56 | R²=1.000
2025-10-30 00:39:48 - INFO: ExtraTrees           | MAE=0.77 | RMSE=1.20 | R²=1.000
2025-10-30 00:39:48 - INFO: GradientBoosting     | MAE=0.64 | RMSE=1.03 | R²=1.000
2025-10-30 00:39:49 - INFO: CatBoost             | MAE=6.00 | RMSE=12.92 | R²=0.997
2025-10-30 00:39:49 - INFO:   

2025-10-30 00:39:49 - INFO: === СРАВНЕНИЕ МОДЕЛЕЙ ===
2025-10-30 00:39:49 - INFO:               Model        MAE        RMSE        R2
6  GradientBoosting   0.644275    1.031710  0.999984
5        ExtraTrees   0.774129    1.198292  0.999978
4      RandomForest   0.891705    1.564140  0.999962
3      DecisionTree   1.802588    2.926508  0.999868
7          CatBoost   5.995356   12.920647  0.997434
1             Lasso  86.836272  110.015714  0.813962
0  LinearRegression  86.874356  110.085023  0.813727
2             Ridge  86.877762  110.099270  0.813679
2025-10-30 00:39:49 - INFO:   

2025-10-30 00:39:49 - INFO: === ВИЗУАЛИЗАЦИЯ ===
2025-10-30 00:39:49 - INFO: Столбчатая диаграмма
2025-10-30 00:39:49 - INFO: 
Лучшая модель: GradientBoosting
2025-10-30 00:39:49 - INFO: Точечная диаграмма
2025-10-30 00:51:28 - INFO: === ЗАГРУЗКА ДАННЫХ ===
2025-10-30 00:51:28 - INFO: Чтение файла прошло успешно
2025-10-30 00:51:28 - INFO: Размер датасета: (1000, 17)
2025-10-30 00:51:28 - INFO: Первые строки:
     Invoice ID Branch       City Customer type  Gender  ...      Payment    cogs  gross margin percentage  gross income  Rating
0  750-67-8428      A     Yangon        Member  Female  ...      Ewallet  522.83                 4.761905       26.1415     9.1
1  226-31-3081      C  Naypyitaw        Normal  Female  ...         Cash   76.40                 4.761905        3.8200     9.6
2  631-41-3108      A     Yangon        Normal    Male  ...  Credit card  324.31                 4.761905       16.2155     7.4
3  123-19-1176      A     Yangon        Member    Male  ...      Ewallet  465.76                 4.761905       23.2880     8.4
4  373-73-7910      A     Yangon        Normal    Male  ...      Ewallet  604.17                 4.761905       30.2085     5.3

[5 rows x 17 columns]
2025-10-30 00:51:28 - INFO: Пропуски: 0

2025-10-30 00:51:28 - INFO: === ПРЕДОБРАБОТКА ===
2025-10-30 00:51:29 - INFO: Матрица корреляции
2025-10-30 00:51:29 - INFO: Train shape: (800, 16), Test shape: (200, 16)

2025-10-30 00:51:29 - INFO: === ОБУЧЕНИЕ МОДЕЛЕЙ ===
2025-10-30 00:51:29 - INFO: LinearRegression     | MAE=86.87 | RMSE=110.09 | R²=0.814
2025-10-30 00:51:29 - INFO: Lasso                | MAE=86.84 | RMSE=110.02 | R²=0.814
2025-10-30 00:51:29 - INFO: Ridge                | MAE=86.88 | RMSE=110.10 | R²=0.814
2025-10-30 00:51:29 - INFO: DecisionTree         | MAE=1.80 | RMSE=2.93 | R²=1.000
2025-10-30 00:51:30 - INFO: RandomForest         | MAE=0.89 | RMSE=1.56 | R²=1.000
2025-10-30 00:51:31 - INFO: ExtraTrees           | MAE=0.77 | RMSE=1.20 | R²=1.000
2025-10-30 00:51:31 - INFO: GradientBoosting     | MAE=0.64 | RMSE=1.03 | R²=1.000
2025-10-30 00:51:32 - INFO: CatBoost             | MAE=6.00 | RMSE=12.92 | R²=0.997
2025-10-30 00:51:32 - INFO:   

2025-10-30 00:51:32 - INFO: === СРАВНЕНИЕ МОДЕЛЕЙ ===
2025-10-30 00:51:32 - INFO:               Model        MAE        RMSE        R2
6  GradientBoosting   0.644275    1.031710  0.999984
5        ExtraTrees   0.774129    1.198292  0.999978
4      RandomForest   0.891705    1.564140  0.999962
3      DecisionTree   1.802588    2.926508  0.999868
7          CatBoost   5.995356   12.920647  0.997434
1             Lasso  86.836272  110.015714  0.813962
0  LinearRegression  86.874356  110.085023  0.813727
2             Ridge  86.877762  110.099270  0.813679
2025-10-30 00:51:32 - INFO:   

2025-10-30 00:51:32 - INFO: === ВИЗУАЛИЗАЦИЯ ===
2025-10-30 00:51:32 - INFO: Столбчатая диаграмма
2025-10-30 00:51:32 - INFO: 
Лучшая модель: GradientBoosting
2025-10-30 00:51:32 - INFO: Точечная диаграмма
